warning: `VIRTUAL_ENV=/home/vboxuser/Downloads/artemis-tools-3.1.0/venv` does not match the project environment path `.venv` and will be ignored; use `--active` to target the active environment instead
Resolved 213 packages in 1ms
Audited 205 packages in 0.10ms
warning: `VIRTUAL_ENV=/home/vboxuser/Downloads/artemis-tools-3.1.0/venv` does not match the project environment path `.venv` and will be ignored; use `--active` to target the active environment instead
warning: `VIRTUAL_ENV=/home/vboxuser/Downloads/artemis-tools-3.1.0/venv` does not match the project environment path `.venv` and will be ignored; use `--active` to target the active environment instead
Resolved 213 packages in 1ms
Audited 205 packages in 0.10ms
warning: `VIRTUAL_ENV=/home/vboxuser/Downloads/artemis-tools-3.1.0/venv` does not match the project environment path `.venv` and will be ignored; use `--active` to target the active environment instead
warning: `VIRTUAL_ENV=/home/vboxuser/Downloads/artemis-tools-3.1.0/venv` does not match the project environment path `.venv` and will be ignored; use `--active` to target the active environment instead
Resolved 213 packages in 1ms
Audited 205 packages in 0.13ms
warning: `VIRTUAL_ENV=/home/vboxuser/Downloads/artemis-tools-3.1.0/venv` does not match the project environment path `.venv` and will be ignored; use `--active` to target the active environment instead
warning: `VIRTUAL_ENV=/home/vboxuser/Downloads/artemis-tools-3.1.0/venv` does not match the project environment path `.venv` and will be ignored; use `--active` to target the active environment instead
Resolved 213 packages in 1ms
Audited 205 packages in 0.09ms
warning: `VIRTUAL_ENV=/home/vboxuser/Downloads/artemis-tools-3.1.0/venv` does not match the project environment path `.venv` and will be ignored; use `--active` to target the active environment instead
warning: `VIRTUAL_ENV=/home/vboxuser/Downloads/artemis-tools-3.1.0/venv` does not match the project environment path `.venv` and will be ignored; use `--active` to target the active environment instead
Resolved 213 packages in 1ms
Audited 205 packages in 0.09ms
warning: `VIRTUAL_ENV=/home/vboxuser/Downloads/artemis-tools-3.1.0/venv` does not match the project environment path `.venv` and will be ignored; use `--active` to target the active environment instead
warning: `VIRTUAL_ENV=/home/vboxuser/Downloads/artemis-tools-3.1.0/venv` does not match the project environment path `.venv` and will be ignored; use `--active` to target the active environment instead
Resolved 213 packages in 1ms
Audited 205 packages in 0.09ms
warning: `VIRTUAL_ENV=/home/vboxuser/Downloads/artemis-tools-3.1.0/venv` does not match the project environment path `.venv` and will be ignored; use `--active` to target the active environment instead
warning: `VIRTUAL_ENV=/home/vboxuser/Downloads/artemis-tools-3.1.0/venv` does not match the project environment path `.venv` and will be ignored; use `--active` to target the active environment instead
Resolved 213 packages in 1ms
Audited 205 packages in 0.09ms
warning: `VIRTUAL_ENV=/home/vboxuser/Downloads/artemis-tools-3.1.0/venv` does not match the project environment path `.venv` and will be ignored; use `--active` to target the active environment instead
warning: `VIRTUAL_ENV=/home/vboxuser/Downloads/artemis-tools-3.1.0/venv` does not match the project environment path `.venv` and will be ignored; use `--active` to target the active environment instead
Resolved 213 packages in 1ms
Audited 205 packages in 0.16ms
warning: `VIRTUAL_ENV=/home/vboxuser/Downloads/artemis-tools-3.1.0/venv` does not match the project environment path `.venv` and will be ignored; use `--active` to target the active environment instead
warning: `VIRTUAL_ENV=/home/vboxuser/Downloads/artemis-tools-3.1.0/venv` does not match the project environment path `.venv` and will be ignored; use `--active` to target the active environment instead
Resolved 213 packages in 1ms
Audited 205 packages in 0.27ms
warning: `VIRTUAL_ENV=/home/vboxuser/Downloads/artemis-tools-3.1.0/venv` does not match the project environment path `.venv` and will be ignored; use `--active` to target the active environment instead
warning: `VIRTUAL_ENV=/home/vboxuser/Downloads/artemis-tools-3.1.0/venv` does not match the project environment path `.venv` and will be ignored; use `--active` to target the active environment instead
Resolved 213 packages in 1ms
Audited 205 packages in 0.23ms
warning: `VIRTUAL_ENV=/home/vboxuser/Downloads/artemis-tools-3.1.0/venv` does not match the project environment path `.venv` and will be ignored; use `--active` to target the active environment instead
warning: `VIRTUAL_ENV=/home/vboxuser/Downloads/artemis-tools-3.1.0/venv` does not match the project environment path `.venv` and will be ignored; use `--active` to target the active environment instead
Resolved 213 packages in 1ms
Audited 205 packages in 0.39ms
warning: `VIRTUAL_ENV=/home/vboxuser/Downloads/artemis-tools-3.1.0/venv` does not match the project environment path `.venv` and will be ignored; use `--active` to target the active environment instead
warning: `VIRTUAL_ENV=/home/vboxuser/Downloads/artemis-tools-3.1.0/venv` does not match the project environment path `.venv` and will be ignored; use `--active` to target the active environment instead
Resolved 213 packages in 1ms
Audited 205 packages in 0.12ms
warning: `VIRTUAL_ENV=/home/vboxuser/Downloads/artemis-tools-3.1.0/venv` does not match the project environment path `.venv` and will be ignored; use `--active` to target the active environment instead
warning: `VIRTUAL_ENV=/home/vboxuser/Downloads/artemis-tools-3.1.0/venv` does not match the project environment path `.venv` and will be ignored; use `--active` to target the active environment instead
Resolved 213 packages in 2ms
Audited 205 packages in 0.26ms
warning: `VIRTUAL_ENV=/home/vboxuser/Downloads/artemis-tools-3.1.0/venv` does not match the project environment path `.venv` and will be ignored; use `--active` to target the active environment instead
warning: `VIRTUAL_ENV=/home/vboxuser/Downloads/artemis-tools-3.1.0/venv` does not match the project environment path `.venv` and will be ignored; use `--active` to target the active environment instead
Resolved 213 packages in 2ms
Audited 205 packages in 0.15ms
warning: `VIRTUAL_ENV=/home/vboxuser/Downloads/artemis-tools-3.1.0/venv` does not match the project environment path `.venv` and will be ignored; use `--active` to target the active environment instead
warning: `VIRTUAL_ENV=/home/vboxuser/Downloads/artemis-tools-3.1.0/venv` does not match the project environment path `.venv` and will be ignored; use `--active` to target the active environment instead
Resolved 213 packages in 1ms
Audited 205 packages in 0.18ms
warning: `VIRTUAL_ENV=/home/vboxuser/Downloads/artemis-tools-3.1.0/venv` does not match the project environment path `.venv` and will be ignored; use `--active` to target the active environment instead
warning: `VIRTUAL_ENV=/home/vboxuser/Downloads/artemis-tools-3.1.0/venv` does not match the project environment path `.venv` and will be ignored; use `--active` to target the active environment instead
Resolved 213 packages in 1ms
Audited 205 packages in 0.35ms
warning: `VIRTUAL_ENV=/home/vboxuser/Downloads/artemis-tools-3.1.0/venv` does not match the project environment path `.venv` and will be ignored; use `--active` to target the active environment instead
warning: `VIRTUAL_ENV=/home/vboxuser/Downloads/artemis-tools-3.1.0/venv` does not match the project environment path `.venv` and will be ignored; use `--active` to target the active environment instead
Resolved 213 packages in 2ms
Audited 205 packages in 0.19ms
warning: `VIRTUAL_ENV=/home/vboxuser/Downloads/artemis-tools-3.1.0/venv` does not match the project environment path `.venv` and will be ignored; use `--active` to target the active environment instead
warning: `VIRTUAL_ENV=/home/vboxuser/Downloads/artemis-tools-3.1.0/venv` does not match the project environment path `.venv` and will be ignored; use `--active` to target the active environment instead
Resolved 213 packages in 2ms
Audited 205 packages in 0.17ms
warning: `VIRTUAL_ENV=/home/vboxuser/Downloads/artemis-tools-3.1.0/venv` does not match the project environment path `.venv` and will be ignored; use `--active` to target the active environment instead
warning: `VIRTUAL_ENV=/home/vboxuser/Downloads/artemis-tools-3.1.0/venv` does not match the project environment path `.venv` and will be ignored; use `--active` to target the active environment instead
Resolved 213 packages in 3ms
Audited 205 packages in 0.15ms
warning: `VIRTUAL_ENV=/home/vboxuser/Downloads/artemis-tools-3.1.0/venv` does not match the project environment path `.venv` and will be ignored; use `--active` to target the active environment instead
warning: `VIRTUAL_ENV=/home/vboxuser/Downloads/artemis-tools-3.1.0/venv` does not match the project environment path `.venv` and will be ignored; use `--active` to target the active environment instead
Resolved 213 packages in 10ms
Audited 205 packages in 0.31ms
warning: `VIRTUAL_ENV=/home/vboxuser/Downloads/artemis-tools-3.1.0/venv` does not match the project environment path `.venv` and will be ignored; use `--active` to target the active environment instead
warning: `VIRTUAL_ENV=/home/vboxuser/Downloads/artemis-tools-3.1.0/venv` does not match the project environment path `.venv` and will be ignored; use `--active` to target the active environment instead
Resolved 213 packages in 2ms
Audited 205 packages in 0.42ms
warning: `VIRTUAL_ENV=/home/vboxuser/Downloads/artemis-tools-3.1.0/venv` does not match the project environment path `.venv` and will be ignored; use `--active` to target the active environment instead
warning: `VIRTUAL_ENV=/home/vboxuser/Downloads/artemis-tools-3.1.0/venv` does not match the project environment path `.venv` and will be ignored; use `--active` to target the active environment instead
Resolved 213 packages in 2ms
Audited 205 packages in 1ms
warning: `VIRTUAL_ENV=/home/vboxuser/Downloads/artemis-tools-3.1.0/venv` does not match the project environment path `.venv` and will be ignored; use `--active` to target the active environment instead
warning: `VIRTUAL_ENV=/home/vboxuser/Downloads/artemis-tools-3.1.0/venv` does not match the project environment path `.venv` and will be ignored; use `--active` to target the active environment instead
Resolved 213 packages in 2ms
Audited 205 packages in 0.58ms
warning: `VIRTUAL_ENV=/home/vboxuser/Downloads/artemis-tools-3.1.0/venv` does not match the project environment path `.venv` and will be ignored; use `--active` to target the active environment instead
warning: `VIRTUAL_ENV=/home/vboxuser/Downloads/artemis-tools-3.1.0/venv` does not match the project environment path `.venv` and will be ignored; use `--active` to target the active environment instead
Resolved 213 packages in 1ms
Audited 205 packages in 0.16ms
warning: `VIRTUAL_ENV=/home/vboxuser/Downloads/artemis-tools-3.1.0/venv` does not match the project environment path `.venv` and will be ignored; use `--active` to target the active environment instead
warning: `VIRTUAL_ENV=/home/vboxuser/Downloads/artemis-tools-3.1.0/venv` does not match the project environment path `.venv` and will be ignored; use `--active` to target the active environment instead
Resolved 213 packages in 2ms
Audited 205 packages in 0.15ms
warning: `VIRTUAL_ENV=/home/vboxuser/Downloads/artemis-tools-3.1.0/venv` does not match the project environment path `.venv` and will be ignored; use `--active` to target the active environment instead
warning: `VIRTUAL_ENV=/home/vboxuser/Downloads/artemis-tools-3.1.0/venv` does not match the project environment path `.venv` and will be ignored; use `--active` to target the active environment instead
Resolved 213 packages in 1ms
Audited 205 packages in 0.41ms
warning: `VIRTUAL_ENV=/home/vboxuser/Downloads/artemis-tools-3.1.0/venv` does not match the project environment path `.venv` and will be ignored; use `--active` to target the active environment instead
warning: `VIRTUAL_ENV=/home/vboxuser/Downloads/artemis-tools-3.1.0/venv` does not match the project environment path `.venv` and will be ignored; use `--active` to target the active environment instead
Resolved 213 packages in 2ms
Audited 205 packages in 0.11ms
warning: `VIRTUAL_ENV=/home/vboxuser/Downloads/artemis-tools-3.1.0/venv` does not match the project environment path `.venv` and will be ignored; use `--active` to target the active environment instead
warning: `VIRTUAL_ENV=/home/vboxuser/Downloads/artemis-tools-3.1.0/venv` does not match the project environment path `.venv` and will be ignored; use `--active` to target the active environment instead
Resolved 213 packages in 2ms
Audited 205 packages in 0.47ms
warning: `VIRTUAL_ENV=/home/vboxuser/Downloads/artemis-tools-3.1.0/venv` does not match the project environment path `.venv` and will be ignored; use `--active` to target the active environment instead
warning: `VIRTUAL_ENV=/home/vboxuser/Downloads/artemis-tools-3.1.0/venv` does not match the project environment path `.venv` and will be ignored; use `--active` to target the active environment instead
Resolved 213 packages in 3ms
Audited 205 packages in 0.21ms
warning: `VIRTUAL_ENV=/home/vboxuser/Downloads/artemis-tools-3.1.0/venv` does not match the project environment path `.venv` and will be ignored; use `--active` to target the active environment instead
warning: `VIRTUAL_ENV=/home/vboxuser/Downloads/artemis-tools-3.1.0/venv` does not match the project environment path `.venv` and will be ignored; use `--active` to target the active environment instead
Resolved 213 packages in 1ms
Audited 205 packages in 0.16ms
warning: `VIRTUAL_ENV=/home/vboxuser/Downloads/artemis-tools-3.1.0/venv` does not match the project environment path `.venv` and will be ignored; use `--active` to target the active environment instead
warning: `VIRTUAL_ENV=/home/vboxuser/Downloads/artemis-tools-3.1.0/venv` does not match the project environment path `.venv` and will be ignored; use `--active` to target the active environment instead
Resolved 213 packages in 2ms
Audited 205 packages in 0.23ms
warning: `VIRTUAL_ENV=/home/vboxuser/Downloads/artemis-tools-3.1.0/venv` does not match the project environment path `.venv` and will be ignored; use `--active` to target the active environment instead
warning: `VIRTUAL_ENV=/home/vboxuser/Downloads/artemis-tools-3.1.0/venv` does not match the project environment path `.venv` and will be ignored; use `--active` to target the active environment instead
Resolved 213 packages in 1ms
Audited 205 packages in 0.12ms
warning: `VIRTUAL_ENV=/home/vboxuser/Downloads/artemis-tools-3.1.0/venv` does not match the project environment path `.venv` and will be ignored; use `--active` to target the active environment instead
warning: `VIRTUAL_ENV=/home/vboxuser/Downloads/artemis-tools-3.1.0/venv` does not match the project environment path `.venv` and will be ignored; use `--active` to target the active environment instead
Resolved 213 packages in 1ms
Audited 205 packages in 0.12ms
warning: `VIRTUAL_ENV=/home/vboxuser/Downloads/artemis-tools-3.1.0/venv` does not match the project environment path `.venv` and will be ignored; use `--active` to target the active environment instead
warning: `VIRTUAL_ENV=/home/vboxuser/Downloads/artemis-tools-3.1.0/venv` does not match the project environment path `.venv` and will be ignored; use `--active` to target the active environment instead
Resolved 213 packages in 1ms
Audited 205 packages in 0.11ms
warning: `VIRTUAL_ENV=/home/vboxuser/Downloads/artemis-tools-3.1.0/venv` does not match the project environment path `.venv` and will be ignored; use `--active` to target the active environment instead
warning: `VIRTUAL_ENV=/home/vboxuser/Downloads/artemis-tools-3.1.0/venv` does not match the project environment path `.venv` and will be ignored; use `--active` to target the active environment instead
Resolved 213 packages in 2ms
Audited 205 packages in 0.18ms
warning: `VIRTUAL_ENV=/home/vboxuser/Downloads/artemis-tools-3.1.0/venv` does not match the project environment path `.venv` and will be ignored; use `--active` to target the active environment instead
warning: `VIRTUAL_ENV=/home/vboxuser/Downloads/artemis-tools-3.1.0/venv` does not match the project environment path `.venv` and will be ignored; use `--active` to target the active environment instead
Resolved 213 packages in 1ms
Audited 205 packages in 0.09ms
warning: `VIRTUAL_ENV=/home/vboxuser/Downloads/artemis-tools-3.1.0/venv` does not match the project environment path `.venv` and will be ignored; use `--active` to target the active environment instead
warning: `VIRTUAL_ENV=/home/vboxuser/Downloads/artemis-tools-3.1.0/venv` does not match the project environment path `.venv` and will be ignored; use `--active` to target the active environment instead
Resolved 213 packages in 1ms
Audited 205 packages in 0.13ms
warning: `VIRTUAL_ENV=/home/vboxuser/Downloads/artemis-tools-3.1.0/venv` does not match the project environment path `.venv` and will be ignored; use `--active` to target the active environment instead
warning: `VIRTUAL_ENV=/home/vboxuser/Downloads/artemis-tools-3.1.0/venv` does not match the project environment path `.venv` and will be ignored; use `--active` to target the active environment instead
Resolved 213 packages in 2ms
Audited 205 packages in 0.20ms
warning: `VIRTUAL_ENV=/home/vboxuser/Downloads/artemis-tools-3.1.0/venv` does not match the project environment path `.venv` and will be ignored; use `--active` to target the active environment instead
warning: `VIRTUAL_ENV=/home/vboxuser/Downloads/artemis-tools-3.1.0/venv` does not match the project environment path `.venv` and will be ignored; use `--active` to target the active environment instead
Resolved 213 packages in 1ms
Audited 205 packages in 0.09ms
warning: `VIRTUAL_ENV=/home/vboxuser/Downloads/artemis-tools-3.1.0/venv` does not match the project environment path `.venv` and will be ignored; use `--active` to target the active environment instead
warning: `VIRTUAL_ENV=/home/vboxuser/Downloads/artemis-tools-3.1.0/venv` does not match the project environment path `.venv` and will be ignored; use `--active` to target the active environment instead
Resolved 213 packages in 2ms
Audited 205 packages in 0.17ms
warning: `VIRTUAL_ENV=/home/vboxuser/Downloads/artemis-tools-3.1.0/venv` does not match the project environment path `.venv` and will be ignored; use `--active` to target the active environment instead
warning: `VIRTUAL_ENV=/home/vboxuser/Downloads/artemis-tools-3.1.0/venv` does not match the project environment path `.venv` and will be ignored; use `--active` to target the active environment instead
Resolved 213 packages in 1ms
Audited 205 packages in 0.09ms
warning: `VIRTUAL_ENV=/home/vboxuser/Downloads/artemis-tools-3.1.0/venv` does not match the project environment path `.venv` and will be ignored; use `--active` to target the active environment instead
warning: `VIRTUAL_ENV=/home/vboxuser/Downloads/artemis-tools-3.1.0/venv` does not match the project environment path `.venv` and will be ignored; use `--active` to target the active environment instead
Resolved 213 packages in 1ms
Audited 205 packages in 0.15ms
warning: `VIRTUAL_ENV=/home/vboxuser/Downloads/artemis-tools-3.1.0/venv` does not match the project environment path `.venv` and will be ignored; use `--active` to target the active environment instead
warning: `VIRTUAL_ENV=/home/vboxuser/Downloads/artemis-tools-3.1.0/venv` does not match the project environment path `.venv` and will be ignored; use `--active` to target the active environment instead
Resolved 213 packages in 2ms
Audited 205 packages in 0.15ms
warning: `VIRTUAL_ENV=/home/vboxuser/Downloads/artemis-tools-3.1.0/venv` does not match the project environment path `.venv` and will be ignored; use `--active` to target the active environment instead
warning: `VIRTUAL_ENV=/home/vboxuser/Downloads/artemis-tools-3.1.0/venv` does not match the project environment path `.venv` and will be ignored; use `--active` to target the active environment instead
Resolved 213 packages in 1ms
Audited 205 packages in 0.12ms
warning: `VIRTUAL_ENV=/home/vboxuser/Downloads/artemis-tools-3.1.0/venv` does not match the project environment path `.venv` and will be ignored; use `--active` to target the active environment instead
warning: `VIRTUAL_ENV=/home/vboxuser/Downloads/artemis-tools-3.1.0/venv` does not match the project environment path `.venv` and will be ignored; use `--active` to target the active environment instead
Resolved 213 packages in 2ms
Audited 205 packages in 0.12ms
warning: `VIRTUAL_ENV=/home/vboxuser/Downloads/artemis-tools-3.1.0/venv` does not match the project environment path `.venv` and will be ignored; use `--active` to target the active environment instead
warning: `VIRTUAL_ENV=/home/vboxuser/Downloads/artemis-tools-3.1.0/venv` does not match the project environment path `.venv` and will be ignored; use `--active` to target the active environment instead
Resolved 213 packages in 2ms
Audited 205 packages in 0.31ms
warning: `VIRTUAL_ENV=/home/vboxuser/Downloads/artemis-tools-3.1.0/venv` does not match the project environment path `.venv` and will be ignored; use `--active` to target the active environment instead
warning: `VIRTUAL_ENV=/home/vboxuser/Downloads/artemis-tools-3.1.0/venv` does not match the project environment path `.venv` and will be ignored; use `--active` to target the active environment instead
Resolved 213 packages in 2ms
Audited 205 packages in 0.17ms
warning: `VIRTUAL_ENV=/home/vboxuser/Downloads/artemis-tools-3.1.0/venv` does not match the project environment path `.venv` and will be ignored; use `--active` to target the active environment instead
warning: `VIRTUAL_ENV=/home/vboxuser/Downloads/artemis-tools-3.1.0/venv` does not match the project environment path `.venv` and will be ignored; use `--active` to target the active environment instead
Resolved 213 packages in 2ms
Audited 205 packages in 0.11ms
warning: `VIRTUAL_ENV=/home/vboxuser/Downloads/artemis-tools-3.1.0/venv` does not match the project environment path `.venv` and will be ignored; use `--active` to target the active environment instead
warning: `VIRTUAL_ENV=/home/vboxuser/Downloads/artemis-tools-3.1.0/venv` does not match the project environment path `.venv` and will be ignored; use `--active` to target the active environment instead
Resolved 213 packages in 1ms
Audited 205 packages in 0.11ms
warning: `VIRTUAL_ENV=/home/vboxuser/Downloads/artemis-tools-3.1.0/venv` does not match the project environment path `.venv` and will be ignored; use `--active` to target the active environment instead
warning: `VIRTUAL_ENV=/home/vboxuser/Downloads/artemis-tools-3.1.0/venv` does not match the project environment path `.venv` and will be ignored; use `--active` to target the active environment instead
Resolved 213 packages in 1ms
Audited 205 packages in 0.22ms
warning: `VIRTUAL_ENV=/home/vboxuser/Downloads/artemis-tools-3.1.0/venv` does not match the project environment path `.venv` and will be ignored; use `--active` to target the active environment instead
warning: `VIRTUAL_ENV=/home/vboxuser/Downloads/artemis-tools-3.1.0/venv` does not match the project environment path `.venv` and will be ignored; use `--active` to target the active environment instead
Resolved 213 packages in 1ms
Audited 205 packages in 0.12ms
warning: `VIRTUAL_ENV=/home/vboxuser/Downloads/artemis-tools-3.1.0/venv` does not match the project environment path `.venv` and will be ignored; use `--active` to target the active environment instead
warning: `VIRTUAL_ENV=/home/vboxuser/Downloads/artemis-tools-3.1.0/venv` does not match the project environment path `.venv` and will be ignored; use `--active` to target the active environment instead
Resolved 213 packages in 1ms
Audited 205 packages in 0.11ms
warning: `VIRTUAL_ENV=/home/vboxuser/Downloads/artemis-tools-3.1.0/venv` does not match the project environment path `.venv` and will be ignored; use `--active` to target the active environment instead
warning: `VIRTUAL_ENV=/home/vboxuser/Downloads/artemis-tools-3.1.0/venv` does not match the project environment path `.venv` and will be ignored; use `--active` to target the active environment instead
Resolved 213 packages in 1ms
Audited 205 packages in 0.11ms
warning: `VIRTUAL_ENV=/home/vboxuser/Downloads/artemis-tools-3.1.0/venv` does not match the project environment path `.venv` and will be ignored; use `--active` to target the active environment instead
warning: `VIRTUAL_ENV=/home/vboxuser/Downloads/artemis-tools-3.1.0/venv` does not match the project environment path `.venv` and will be ignored; use `--active` to target the active environment instead
Resolved 213 packages in 1ms
Audited 205 packages in 0.12ms
warning: `VIRTUAL_ENV=/home/vboxuser/Downloads/artemis-tools-3.1.0/venv` does not match the project environment path `.venv` and will be ignored; use `--active` to target the active environment instead
warning: `VIRTUAL_ENV=/home/vboxuser/Downloads/artemis-tools-3.1.0/venv` does not match the project environment path `.venv` and will be ignored; use `--active` to target the active environment instead
Resolved 213 packages in 1ms
Audited 205 packages in 0.10ms
warning: `VIRTUAL_ENV=/home/vboxuser/Downloads/artemis-tools-3.1.0/venv` does not match the project environment path `.venv` and will be ignored; use `--active` to target the active environment instead
warning: `VIRTUAL_ENV=/home/vboxuser/Downloads/artemis-tools-3.1.0/venv` does not match the project environment path `.venv` and will be ignored; use `--active` to target the active environment instead
Resolved 213 packages in 2ms
Audited 205 packages in 0.14ms
warning: `VIRTUAL_ENV=/home/vboxuser/Downloads/artemis-tools-3.1.0/venv` does not match the project environment path `.venv` and will be ignored; use `--active` to target the active environment instead
warning: `VIRTUAL_ENV=/home/vboxuser/Downloads/artemis-tools-3.1.0/venv` does not match the project environment path `.venv` and will be ignored; use `--active` to target the active environment instead
Resolved 213 packages in 2ms
Audited 205 packages in 0.35ms
warning: `VIRTUAL_ENV=/home/vboxuser/Downloads/artemis-tools-3.1.0/venv` does not match the project environment path `.venv` and will be ignored; use `--active` to target the active environment instead
warning: `VIRTUAL_ENV=/home/vboxuser/Downloads/artemis-tools-3.1.0/venv` does not match the project environment path `.venv` and will be ignored; use `--active` to target the active environment instead
Resolved 213 packages in 2ms
Audited 205 packages in 0.16ms
warning: `VIRTUAL_ENV=/home/vboxuser/Downloads/artemis-tools-3.1.0/venv` does not match the project environment path `.venv` and will be ignored; use `--active` to target the active environment instead
warning: `VIRTUAL_ENV=/home/vboxuser/Downloads/artemis-tools-3.1.0/venv` does not match the project environment path `.venv` and will be ignored; use `--active` to target the active environment instead
Resolved 213 packages in 2ms
Audited 205 packages in 0.13ms
warning: `VIRTUAL_ENV=/home/vboxuser/Downloads/artemis-tools-3.1.0/venv` does not match the project environment path `.venv` and will be ignored; use `--active` to target the active environment instead
warning: `VIRTUAL_ENV=/home/vboxuser/Downloads/artemis-tools-3.1.0/venv` does not match the project environment path `.venv` and will be ignored; use `--active` to target the active environment instead
Resolved 213 packages in 2ms
Audited 205 packages in 0.27ms
warning: `VIRTUAL_ENV=/home/vboxuser/Downloads/artemis-tools-3.1.0/venv` does not match the project environment path `.venv` and will be ignored; use `--active` to target the active environment instead
warning: `VIRTUAL_ENV=/home/vboxuser/Downloads/artemis-tools-3.1.0/venv` does not match the project environment path `.venv` and will be ignored; use `--active` to target the active environment instead
Resolved 213 packages in 1ms
Audited 205 packages in 0.09ms
warning: `VIRTUAL_ENV=/home/vboxuser/Downloads/artemis-tools-3.1.0/venv` does not match the project environment path `.venv` and will be ignored; use `--active` to target the active environment instead
warning: `VIRTUAL_ENV=/home/vboxuser/Downloads/artemis-tools-3.1.0/venv` does not match the project environment path `.venv` and will be ignored; use `--active` to target the active environment instead
Resolved 213 packages in 1ms
Audited 205 packages in 0.09ms
warning: `VIRTUAL_ENV=/home/vboxuser/Downloads/artemis-tools-3.1.0/venv` does not match the project environment path `.venv` and will be ignored; use `--active` to target the active environment instead
warning: `VIRTUAL_ENV=/home/vboxuser/Downloads/artemis-tools-3.1.0/venv` does not match the project environment path `.venv` and will be ignored; use `--active` to target the active environment instead
Resolved 213 packages in 1ms
Audited 205 packages in 0.20ms
warning: `VIRTUAL_ENV=/home/vboxuser/Downloads/artemis-tools-3.1.0/venv` does not match the project environment path `.venv` and will be ignored; use `--active` to target the active environment instead
warning: `VIRTUAL_ENV=/home/vboxuser/Downloads/artemis-tools-3.1.0/venv` does not match the project environment path `.venv` and will be ignored; use `--active` to target the active environment instead
Resolved 213 packages in 1ms
Audited 205 packages in 0.12ms
warning: `VIRTUAL_ENV=/home/vboxuser/Downloads/artemis-tools-3.1.0/venv` does not match the project environment path `.venv` and will be ignored; use `--active` to target the active environment instead
warning: `VIRTUAL_ENV=/home/vboxuser/Downloads/artemis-tools-3.1.0/venv` does not match the project environment path `.venv` and will be ignored; use `--active` to target the active environment instead
Resolved 213 packages in 1ms
Audited 205 packages in 0.10ms
warning: `VIRTUAL_ENV=/home/vboxuser/Downloads/artemis-tools-3.1.0/venv` does not match the project environment path `.venv` and will be ignored; use `--active` to target the active environment instead
warning: `VIRTUAL_ENV=/home/vboxuser/Downloads/artemis-tools-3.1.0/venv` does not match the project environment path `.venv` and will be ignored; use `--active` to target the active environment instead
Resolved 213 packages in 2ms
Audited 205 packages in 0.13ms
warning: `VIRTUAL_ENV=/home/vboxuser/Downloads/artemis-tools-3.1.0/venv` does not match the project environment path `.venv` and will be ignored; use `--active` to target the active environment instead
warning: `VIRTUAL_ENV=/home/vboxuser/Downloads/artemis-tools-3.1.0/venv` does not match the project environment path `.venv` and will be ignored; use `--active` to target the active environment instead
Resolved 213 packages in 49ms
Audited 205 packages in 0.33ms
warning: `VIRTUAL_ENV=/home/vboxuser/Downloads/artemis-tools-3.1.0/venv` does not match the project environment path `.venv` and will be ignored; use `--active` to target the active environment instead
warning: `VIRTUAL_ENV=/home/vboxuser/Downloads/artemis-tools-3.1.0/venv` does not match the project environment path `.venv` and will be ignored; use `--active` to target the active environment instead
Resolved 213 packages in 2ms
Audited 205 packages in 0.36ms
warning: `VIRTUAL_ENV=/home/vboxuser/Downloads/artemis-tools-3.1.0/venv` does not match the project environment path `.venv` and will be ignored; use `--active` to target the active environment instead
warning: `VIRTUAL_ENV=/home/vboxuser/Downloads/artemis-tools-3.1.0/venv` does not match the project environment path `.venv` and will be ignored; use `--active` to target the active environment instead
Resolved 213 packages in 2ms
Audited 205 packages in 0.13ms
warning: `VIRTUAL_ENV=/home/vboxuser/Downloads/artemis-tools-3.1.0/venv` does not match the project environment path `.venv` and will be ignored; use `--active` to target the active environment instead
Traceback (most recent call last):
  File "/home/vboxuser/Documents/Math-Odyssey/gen_formalizer/generate_score.py", line 8, in <module>
    score()
  File "/home/vboxuser/Documents/Math-Odyssey/gen_formalizer/generate_score.py", line 4, in score
    data = json.load(f)
           ^^^^^^^^^^^^
  File "/usr/lib/python3.11/json/__init__.py", line 293, in load
    return loads(fp.read(),
           ^^^^^^^^^^^^^^^^
  File "/usr/lib/python3.11/json/__init__.py", line 346, in loads
    return _default_decoder.decode(s)
           ^^^^^^^^^^^^^^^^^^^^^^^^^^
  File "/usr/lib/python3.11/json/decoder.py", line 337, in decode
    obj, end = self.raw_decode(s, idx=_w(s, 0).end())
               ^^^^^^^^^^^^^^^^^^^^^^^^^^^^^^^^^^^^^^
  File "/usr/lib/python3.11/json/decoder.py", line 355, in raw_decode
    raise JSONDecodeError("Expecting value", s, err.value) from None
json.decoder.JSONDecodeError: Expecting value: line 1 column 1 (char 0)
warning: `VIRTUAL_ENV=/home/vboxuser/Downloads/artemis-tools-3.1.0/venv` does not match the project environment path `.venv` and will be ignored; use `--active` to target the active environment instead
Resolved 213 packages in 2ms
Audited 205 packages in 0.40ms
warning: `VIRTUAL_ENV=/home/vboxuser/Downloads/artemis-tools-3.1.0/venv` does not match the project environment path `.venv` and will be ignored; use `--active` to target the active environment instead
warning: `VIRTUAL_ENV=/home/vboxuser/Downloads/artemis-tools-3.1.0/venv` does not match the project environment path `.venv` and will be ignored; use `--active` to target the active environment instead
Resolved 213 packages in 15ms
Audited 205 packages in 1ms
warning: `VIRTUAL_ENV=/home/vboxuser/Downloads/artemis-tools-3.1.0/venv` does not match the project environment path `.venv` and will be ignored; use `--active` to target the active environment instead
warning: `VIRTUAL_ENV=/home/vboxuser/Downloads/artemis-tools-3.1.0/venv` does not match the project environment path `.venv` and will be ignored; use `--active` to target the active environment instead
Resolved 213 packages in 2ms
Audited 205 packages in 0.13ms
warning: `VIRTUAL_ENV=/home/vboxuser/Downloads/artemis-tools-3.1.0/venv` does not match the project environment path `.venv` and will be ignored; use `--active` to target the active environment instead
warning: `VIRTUAL_ENV=/home/vboxuser/Downloads/artemis-tools-3.1.0/venv` does not match the project environment path `.venv` and will be ignored; use `--active` to target the active environment instead
Resolved 213 packages in 2ms
Audited 205 packages in 0.15ms
warning: `VIRTUAL_ENV=/home/vboxuser/Downloads/artemis-tools-3.1.0/venv` does not match the project environment path `.venv` and will be ignored; use `--active` to target the active environment instead
warning: `VIRTUAL_ENV=/home/vboxuser/Downloads/artemis-tools-3.1.0/venv` does not match the project environment path `.venv` and will be ignored; use `--active` to target the active environment instead
Resolved 213 packages in 2ms
Audited 205 packages in 0.50ms
warning: `VIRTUAL_ENV=/home/vboxuser/Downloads/artemis-tools-3.1.0/venv` does not match the project environment path `.venv` and will be ignored; use `--active` to target the active environment instead
warning: `VIRTUAL_ENV=/home/vboxuser/Downloads/artemis-tools-3.1.0/venv` does not match the project environment path `.venv` and will be ignored; use `--active` to target the active environment instead
Resolved 213 packages in 151ms
Audited 205 packages in 17ms
warning: `VIRTUAL_ENV=/home/vboxuser/Downloads/artemis-tools-3.1.0/venv` does not match the project environment path `.venv` and will be ignored; use `--active` to target the active environment instead
warning: `VIRTUAL_ENV=/home/vboxuser/Downloads/artemis-tools-3.1.0/venv` does not match the project environment path `.venv` and will be ignored; use `--active` to target the active environment instead
Resolved 213 packages in 2ms
Audited 205 packages in 0.15ms
warning: `VIRTUAL_ENV=/home/vboxuser/Downloads/artemis-tools-3.1.0/venv` does not match the project environment path `.venv` and will be ignored; use `--active` to target the active environment instead
warning: `VIRTUAL_ENV=/home/vboxuser/Downloads/artemis-tools-3.1.0/venv` does not match the project environment path `.venv` and will be ignored; use `--active` to target the active environment instead
Resolved 213 packages in 2ms
Audited 205 packages in 0.33ms
warning: `VIRTUAL_ENV=/home/vboxuser/Downloads/artemis-tools-3.1.0/venv` does not match the project environment path `.venv` and will be ignored; use `--active` to target the active environment instead
warning: `VIRTUAL_ENV=/home/vboxuser/Downloads/artemis-tools-3.1.0/venv` does not match the project environment path `.venv` and will be ignored; use `--active` to target the active environment instead
Resolved 213 packages in 23ms
Audited 205 packages in 1ms
warning: `VIRTUAL_ENV=/home/vboxuser/Downloads/artemis-tools-3.1.0/venv` does not match the project environment path `.venv` and will be ignored; use `--active` to target the active environment instead
warning: `VIRTUAL_ENV=/home/vboxuser/Downloads/artemis-tools-3.1.0/venv` does not match the project environment path `.venv` and will be ignored; use `--active` to target the active environment instead
Resolved 213 packages in 307ms
Audited 205 packages in 0.60ms
warning: `VIRTUAL_ENV=/home/vboxuser/Downloads/artemis-tools-3.1.0/venv` does not match the project environment path `.venv` and will be ignored; use `--active` to target the active environment instead
Traceback (most recent call last):
  File "/home/vboxuser/Documents/Math-Odyssey/gen_formalizer/.venv/lib/python3.13/site-packages/litellm/llms/vertex_ai/gemini/vertex_and_google_ai_studio_gemini.py", line 1890, in completion
    response = client.post(url=url, headers=headers, json=data)  # type: ignore
  File "/home/vboxuser/Documents/Math-Odyssey/gen_formalizer/.venv/lib/python3.13/site-packages/litellm/llms/custom_httpx/http_handler.py", line 780, in post
    raise e
  File "/home/vboxuser/Documents/Math-Odyssey/gen_formalizer/.venv/lib/python3.13/site-packages/litellm/llms/custom_httpx/http_handler.py", line 762, in post
    response.raise_for_status()
    ~~~~~~~~~~~~~~~~~~~~~~~~~^^
  File "/home/vboxuser/Documents/Math-Odyssey/gen_formalizer/.venv/lib/python3.13/site-packages/httpx/_models.py", line 829, in raise_for_status
    raise HTTPStatusError(message, request=request, response=self)
httpx.HTTPStatusError: Server error '503 Service Unavailable' for url 'https://generativelanguage.googleapis.com/v1beta/models/gemini-2.5-flash:generateContent?key=AIzaSyDoL-8LOr6PUL1KLHCAQsSWl9uJ1PsMD7o'
For more information check: https://developer.mozilla.org/en-US/docs/Web/HTTP/Status/503

During handling of the above exception, another exception occurred:

Traceback (most recent call last):
  File "/home/vboxuser/Documents/Math-Odyssey/gen_formalizer/.venv/lib/python3.13/site-packages/litellm/main.py", line 2606, in completion
    response = vertex_chat_completion.completion(  # type: ignore
        model=model,
    ...<17 lines>...
        extra_headers=extra_headers,
    )
  File "/home/vboxuser/Documents/Math-Odyssey/gen_formalizer/.venv/lib/python3.13/site-packages/litellm/llms/vertex_ai/gemini/vertex_and_google_ai_studio_gemini.py", line 1894, in completion
    raise VertexAIError(
    ...<3 lines>...
    )
litellm.llms.vertex_ai.common_utils.VertexAIError: {
  "error": {
    "code": 503,
    "message": "The model is overloaded. Please try again later.",
    "status": "UNAVAILABLE"
  }
}


During handling of the above exception, another exception occurred:

Traceback (most recent call last):
  File "/home/vboxuser/Documents/Math-Odyssey/gen_formalizer/src/gen_formalizer/main.py", line 27, in run
    GenFormalizer().crew().kickoff(inputs=inputs)
    ~~~~~~~~~~~~~~~~~~~~~~~~~~~~~~^^^^^^^^^^^^^^^
  File "/home/vboxuser/Documents/Math-Odyssey/gen_formalizer/.venv/lib/python3.13/site-packages/crewai/crew.py", line 661, in kickoff
    result = self._run_sequential_process()
  File "/home/vboxuser/Documents/Math-Odyssey/gen_formalizer/.venv/lib/python3.13/site-packages/crewai/crew.py", line 772, in _run_sequential_process
    return self._execute_tasks(self.tasks)
           ~~~~~~~~~~~~~~~~~~~^^^^^^^^^^^^
  File "/home/vboxuser/Documents/Math-Odyssey/gen_formalizer/.venv/lib/python3.13/site-packages/crewai/crew.py", line 875, in _execute_tasks
    task_output = task.execute_sync(
        agent=agent_to_use,
        context=context,
        tools=cast(List[BaseTool], tools_for_task),
    )
  File "/home/vboxuser/Documents/Math-Odyssey/gen_formalizer/.venv/lib/python3.13/site-packages/crewai/task.py", line 382, in execute_sync
    return self._execute_core(agent, context, tools)
           ~~~~~~~~~~~~~~~~~~^^^^^^^^^^^^^^^^^^^^^^^
  File "/home/vboxuser/Documents/Math-Odyssey/gen_formalizer/.venv/lib/python3.13/site-packages/crewai/task.py", line 530, in _execute_core
    raise e  # Re-raise the exception after emitting the event
    ^^^^^^^
  File "/home/vboxuser/Documents/Math-Odyssey/gen_formalizer/.venv/lib/python3.13/site-packages/crewai/task.py", line 446, in _execute_core
    result = agent.execute_task(
        task=self,
        context=context,
        tools=tools,
    )
  File "/home/vboxuser/Documents/Math-Odyssey/gen_formalizer/.venv/lib/python3.13/site-packages/crewai/agent.py", line 475, in execute_task
    raise e
  File "/home/vboxuser/Documents/Math-Odyssey/gen_formalizer/.venv/lib/python3.13/site-packages/crewai/agent.py", line 451, in execute_task
    result = self._execute_without_timeout(task_prompt, task)
  File "/home/vboxuser/Documents/Math-Odyssey/gen_formalizer/.venv/lib/python3.13/site-packages/crewai/agent.py", line 547, in _execute_without_timeout
    return self.agent_executor.invoke(
           ~~~~~~~~~~~~~~~~~~~~~~~~~~^
        {
        ^
    ...<4 lines>...
        }
        ^
    )["output"]
    ^
  File "/home/vboxuser/Documents/Math-Odyssey/gen_formalizer/.venv/lib/python3.13/site-packages/crewai/agents/crew_agent_executor.py", line 114, in invoke
    formatted_answer = self._invoke_loop()
  File "/home/vboxuser/Documents/Math-Odyssey/gen_formalizer/.venv/lib/python3.13/site-packages/crewai/agents/crew_agent_executor.py", line 208, in _invoke_loop
    raise e
  File "/home/vboxuser/Documents/Math-Odyssey/gen_formalizer/.venv/lib/python3.13/site-packages/crewai/agents/crew_agent_executor.py", line 154, in _invoke_loop
    answer = get_llm_response(
        llm=self.llm,
    ...<3 lines>...
        from_task=self.task
    )
  File "/home/vboxuser/Documents/Math-Odyssey/gen_formalizer/.venv/lib/python3.13/site-packages/crewai/utilities/agent_utils.py", line 160, in get_llm_response
    raise e
  File "/home/vboxuser/Documents/Math-Odyssey/gen_formalizer/.venv/lib/python3.13/site-packages/crewai/utilities/agent_utils.py", line 153, in get_llm_response
    answer = llm.call(
        messages,
    ...<2 lines>...
        from_agent=from_agent,
    )
  File "/home/vboxuser/Documents/Math-Odyssey/gen_formalizer/.venv/lib/python3.13/site-packages/crewai/llm.py", line 1030, in call
    return self._handle_non_streaming_response(
           ~~~~~~~~~~~~~~~~~~~~~~~~~~~~~~~~~~~^
        params, callbacks, available_functions, from_task, from_agent
        ^^^^^^^^^^^^^^^^^^^^^^^^^^^^^^^^^^^^^^^^^^^^^^^^^^^^^^^^^^^^^
    )
    ^
  File "/home/vboxuser/Documents/Math-Odyssey/gen_formalizer/.venv/lib/python3.13/site-packages/crewai/llm.py", line 813, in _handle_non_streaming_response
    response = litellm.completion(**params)
  File "/home/vboxuser/Documents/Math-Odyssey/gen_formalizer/.venv/lib/python3.13/site-packages/litellm/utils.py", line 1330, in wrapper
    raise e
  File "/home/vboxuser/Documents/Math-Odyssey/gen_formalizer/.venv/lib/python3.13/site-packages/litellm/utils.py", line 1205, in wrapper
    result = original_function(*args, **kwargs)
  File "/home/vboxuser/Documents/Math-Odyssey/gen_formalizer/.venv/lib/python3.13/site-packages/litellm/main.py", line 3427, in completion
    raise exception_type(
          ~~~~~~~~~~~~~~^
        model=model,
        ^^^^^^^^^^^^
    ...<3 lines>...
        extra_kwargs=kwargs,
        ^^^^^^^^^^^^^^^^^^^^
    )
    ^
  File "/home/vboxuser/Documents/Math-Odyssey/gen_formalizer/.venv/lib/python3.13/site-packages/litellm/litellm_core_utils/exception_mapping_utils.py", line 2301, in exception_type
    raise e
  File "/home/vboxuser/Documents/Math-Odyssey/gen_formalizer/.venv/lib/python3.13/site-packages/litellm/litellm_core_utils/exception_mapping_utils.py", line 1284, in exception_type
    raise litellm.InternalServerError(
    ...<4 lines>...
    )
litellm.exceptions.InternalServerError: litellm.InternalServerError: litellm.InternalServerError: VertexAIException - {
  "error": {
    "code": 503,
    "message": "The model is overloaded. Please try again later.",
    "status": "UNAVAILABLE"
  }
}


During handling of the above exception, another exception occurred:

Traceback (most recent call last):
  File "/home/vboxuser/Documents/Math-Odyssey/gen_formalizer/.venv/bin/run_crew", line 10, in <module>
    sys.exit(run(sys.argv[1], sys.argv[2]))
             ~~~^^^^^^^^^^^^^^^^^^^^^^^^^^
  File "/home/vboxuser/Documents/Math-Odyssey/gen_formalizer/src/gen_formalizer/main.py", line 29, in run
    raise Exception(f"An error occurred while running the crew: {e}")
Exception: An error occurred while running the crew: litellm.InternalServerError: litellm.InternalServerError: VertexAIException - {
  "error": {
    "code": 503,
    "message": "The model is overloaded. Please try again later.",
    "status": "UNAVAILABLE"
  }
}

An error occurred while running the crew: Command '['uv', 'run', 'run_crew', 'Non-negative real numbers $\\mathrm{x}, \\mathrm{y}, \\mathrm{z}$ satisfy $4 x^{2}+4 y^{2}+z^{2}+2 z=3$, then the minimum of $5 \\mathrm{x}+4 \\mathrm{y}+3 \\mathrm{z}$ is \\_\\_\\_\\_\\_.\n\\end{problem}\n\\noindent', '3\\\\\n\\noindent']' returned non-zero exit status 1.
warning: `VIRTUAL_ENV=/home/vboxuser/Downloads/artemis-tools-3.1.0/venv` does not match the project environment path `.venv` and will be ignored; use `--active` to target the active environment instead
Resolved 213 packages in 213ms
Audited 205 packages in 0.33ms
warning: `VIRTUAL_ENV=/home/vboxuser/Downloads/artemis-tools-3.1.0/venv` does not match the project environment path `.venv` and will be ignored; use `--active` to target the active environment instead
warning: `VIRTUAL_ENV=/home/vboxuser/Downloads/artemis-tools-3.1.0/venv` does not match the project environment path `.venv` and will be ignored; use `--active` to target the active environment instead
Resolved 213 packages in 10ms
Audited 205 packages in 0.24ms
warning: `VIRTUAL_ENV=/home/vboxuser/Downloads/artemis-tools-3.1.0/venv` does not match the project environment path `.venv` and will be ignored; use `--active` to target the active environment instead
warning: `VIRTUAL_ENV=/home/vboxuser/Downloads/artemis-tools-3.1.0/venv` does not match the project environment path `.venv` and will be ignored; use `--active` to target the active environment instead
Resolved 213 packages in 125ms
Audited 205 packages in 9ms
Usage: crewai run [OPTIONS] QUESTION ANSWER
Try 'crewai run --help' for help.

Error: No such option: -1
warning: `VIRTUAL_ENV=/home/vboxuser/Downloads/artemis-tools-3.1.0/venv` does not match the project environment path `.venv` and will be ignored; use `--active` to target the active environment instead
Resolved 213 packages in 1ms
Audited 205 packages in 0.11ms
warning: `VIRTUAL_ENV=/home/vboxuser/Downloads/artemis-tools-3.1.0/venv` does not match the project environment path `.venv` and will be ignored; use `--active` to target the active environment instead
warning: `VIRTUAL_ENV=/home/vboxuser/Downloads/artemis-tools-3.1.0/venv` does not match the project environment path `.venv` and will be ignored; use `--active` to target the active environment instead
Resolved 213 packages in 1ms
Audited 205 packages in 0.11ms
warning: `VIRTUAL_ENV=/home/vboxuser/Downloads/artemis-tools-3.1.0/venv` does not match the project environment path `.venv` and will be ignored; use `--active` to target the active environment instead
warning: `VIRTUAL_ENV=/home/vboxuser/Downloads/artemis-tools-3.1.0/venv` does not match the project environment path `.venv` and will be ignored; use `--active` to target the active environment instead
Resolved 213 packages in 2ms
Audited 205 packages in 0.16ms
warning: `VIRTUAL_ENV=/home/vboxuser/Downloads/artemis-tools-3.1.0/venv` does not match the project environment path `.venv` and will be ignored; use `--active` to target the active environment instead
warning: `VIRTUAL_ENV=/home/vboxuser/Downloads/artemis-tools-3.1.0/venv` does not match the project environment path `.venv` and will be ignored; use `--active` to target the active environment instead
Resolved 213 packages in 1ms
Audited 205 packages in 0.13ms
warning: `VIRTUAL_ENV=/home/vboxuser/Downloads/artemis-tools-3.1.0/venv` does not match the project environment path `.venv` and will be ignored; use `--active` to target the active environment instead
warning: `VIRTUAL_ENV=/home/vboxuser/Downloads/artemis-tools-3.1.0/venv` does not match the project environment path `.venv` and will be ignored; use `--active` to target the active environment instead
Resolved 213 packages in 3ms
Audited 205 packages in 0.27ms
warning: `VIRTUAL_ENV=/home/vboxuser/Downloads/artemis-tools-3.1.0/venv` does not match the project environment path `.venv` and will be ignored; use `--active` to target the active environment insteadwarning: `VIRTUAL_ENV=/home/vboxuser/Downloads/artemis-tools-3.1.0/venv` does not match the project environment path `.venv` and will be ignored; use `--active` to target the active environment instead
Resolved 213 packages in 1ms
Audited 205 packages in 0.14ms
warning: `VIRTUAL_ENV=/home/vboxuser/Downloads/artemis-tools-3.1.0/venv` does not match the project environment path `.venv` and will be ignored; use `--active` to target the active environment instead
